\BOOKMARK [1][-]{section.1}{\376\377\000I\000n\000t\000r\000o\000d\000u\000c\000t\000i\000o\000n}{}% 1
\BOOKMARK [1][-]{section.2}{\376\377\000P\000r\000o\000o\000f\000\040\000p\000r\000o\000g\000r\000a\000m\000\040\000\050\000\050\000d\000e\000m\000o\000n\000s\000t\000r\000a\000t\000e\000d\000\040\000a\000n\000d\000\040\000e\000x\000p\000l\000a\000i\000n\000e\000d\000\040\000w\000i\000t\000h\000\040\000e\000x\000a\000m\000p\000l\000e\000\051\000\050\000f\000u\000l\000l\000\040\000t\000o\000p\000-\000l\000e\000v\000e\000l\000\040\000r\000e\000a\000s\000o\000n\000i\000n\000g\000\040\000a\000n\000d\000\040\000t\000r\000a\000i\000n\000-\000o\000f\000-\000t\000h\000o\000u\000g\000h\000t\000\051\000\050\000r\000e\000a\000d\000e\000r\000\040\000f\000a\000c\000i\000n\000g\000\040\000w\000a\000l\000k\000t\000h\000r\000o\000u\000g\000h\000\051\000\051}{}% 2
\BOOKMARK [1][-]{section.3}{\376\377\000M\000a\000i\000n\000\040\000T\000h\000e\000o\000r\000e\000m\000\040\000a\000n\000d\000\040\000P\000r\000o\000o\000f\000\040\000\050\000`\000`\000t\000h\000e\000\040\000e\000n\000t\000i\000r\000e\000\040\000N\000S\000\040\000r\000e\000p\000o\000'\000'\000\040\000/\000\040\000t\000h\000e\000\040\000`\000`\000s\000h\000o\000w\000\040\000y\000o\000u\000r\000\040\000w\000o\000r\000k\000'\000'\000\040\000p\000o\000r\000t\000i\000o\000n\000\051}{}% 3
\BOOKMARK [1][-]{section.4}{\376\377\000S\000a\000m\000e\000-\000L\000a\000w\000\040\000P\000a\000r\000t\000i\000c\000i\000p\000a\000t\000i\000o\000n\000\040\000a\000n\000d\000\040\000O\000n\000e\000-\000F\000i\000e\000l\000d\000\040\000C\000o\000h\000e\000r\000e\000n\000c\000e}{}% 4
\BOOKMARK [1][-]{section.5}{\376\377\000T\000h\000e\000\040\000P\000a\000c\000k\000e\000t\000\040\000W\000i\000t\000n\000e\000s\000s}{}% 5
\BOOKMARK [1][-]{section.6}{\376\377\000P\000a\000c\000k\000e\000t\000\040\000A\000d\000m\000i\000s\000s\000i\000o\000n\000\040\000T\000e\000s\000t}{}% 6
\BOOKMARK [1][-]{section.7}{\376\377\000V\000e\000l\000o\000c\000i\000t\000y\000\040\000F\000a\000i\000l\000u\000r\000e\000\040\000M\000e\000c\000h\000a\000n\000i\000s\000m\000s}{}% 7
\BOOKMARK [1][-]{section.8}{\376\377\000T\000h\000e\000\040\000C\000o\000n\000t\000r\000a\000p\000o\000s\000i\000t\000i\000v\000e\000\040\000T\000e\000s\000t}{}% 8
\BOOKMARK [1][-]{section.9}{\376\377\000R\000e\000a\000d\000i\000n\000g\000\040\000t\000h\000e\000\040\000W\000i\000t\000n\000e\000s\000s\000\040\000T\000a\000b\000l\000e}{}% 9
\BOOKMARK [1][-]{section.10}{\376\377\000F\000r\000o\000m\000\040\000W\000i\000t\000n\000e\000s\000s\000\040\000F\000a\000c\000e\000s\000\040\000t\000o\000\040\000C\000l\000a\000s\000s\000\040\000E\000x\000i\000t}{}% 10
\BOOKMARK [1][-]{section.11}{\376\377\000T\000h\000e\000\040\000C\000l\000a\000y\000-\000F\000a\000c\000i\000n\000g\000\040\000C\000o\000m\000p\000l\000e\000t\000i\000o\000n\000\040\000C\000l\000a\000i\000m}{}% 11
\BOOKMARK [1][-]{section.12}{\376\377\000H\000o\000w\000\040\000F\000o\000r\000w\000a\000r\000d\000\040\000B\000r\000a\000n\000c\000h\000e\000s\000\040\000E\000n\000t\000e\000r\000\040\000t\000h\000e\000\040\000P\000r\000o\000o\000f}{}% 12
\BOOKMARK [1][-]{section.13}{\376\377\000H\000o\000w\000\040\000B\000r\000a\000n\000c\000h\000\040\000F\000a\000m\000i\000l\000i\000e\000s\000\040\000P\000a\000y\000\040\000t\000h\000e\000\040\000C\000M\000\040\000P\000r\000o\000o\000f}{}% 13
\BOOKMARK [1][-]{section.14}{\376\377\000D\000i\000r\000e\000c\000t\000\040\000C\000l\000o\000s\000u\000r\000e\000\040\000a\000n\000d\000\040\000t\000h\000e\000\040\000F\000o\000u\000r\000-\000B\000o\000d\000y\000\040\000D\000i\000a\000g\000n\000o\000s\000t\000i\000c}{}% 14
\BOOKMARK [1][-]{section.15}{\376\377\000E\000n\000e\000r\000g\000y\000,\000\040\000E\000n\000s\000t\000r\000o\000p\000h\000y\000,\000\040\000a\000n\000d\000\040\000S\000o\000u\000r\000c\000e\000\040\000R\000e\000s\000e\000r\000v\000e\000s}{}% 15
\BOOKMARK [1][-]{section.16}{\376\377\000S\000c\000a\000l\000e\000\040\000B\000a\000r\000r\000i\000e\000r\000s\000\040\000a\000n\000d\000\040\000H\000i\000g\000h\000-\000F\000r\000e\000q\000u\000e\000n\000c\000y\000\040\000T\000a\000i\000l\000s}{}% 16
\BOOKMARK [1][-]{section.17}{\376\377\000C\000o\000m\000p\000a\000c\000t\000n\000e\000s\000s\000\040\000a\000n\000d\000\040\000E\000x\000a\000c\000t\000-\000O\000b\000j\000e\000c\000t\000\040\000C\000a\000p\000t\000u\000r\000e}{}% 17
\BOOKMARK [1][-]{section.18}{\376\377\000D\000e\000r\000i\000v\000a\000t\000i\000v\000e\000\040\000R\000e\000c\000o\000v\000e\000r\000y\000\040\000o\000n\000\040\000t\000h\000e\000\040\000S\000a\000m\000e\000\040\000S\000u\000r\000f\000a\000c\000e}{}% 18
\BOOKMARK [1][-]{section.19}{\376\377\000L\000o\000w\000e\000r\000-\000P\000r\000e\000f\000i\000x\000\040\000a\000n\000d\000\040\000U\000p\000p\000e\000r\000-\000T\000a\000i\000l\000\040\000S\000u\000r\000v\000i\000v\000o\000r\000s}{}% 19
\BOOKMARK [1][-]{section.20}{\376\377\000K\000e\000r\000n\000e\000l\000i\000z\000e\000d\000\040\000L\000i\000f\000t\000e\000d\000-\000B\000a\000n\000d\000\040\000B\000r\000a\000n\000c\000h}{}% 20
\BOOKMARK [1][-]{section.21}{\376\377\000S\000h\000e\000l\000l\000\040\000G\000a\000i\000n\000\040\000a\000n\000d\000\040\000H\000a\000l\000f\000-\000D\000e\000r\000i\000v\000a\000t\000i\000v\000e\000\040\000B\000r\000a\000n\000c\000h}{}% 21
\BOOKMARK [1][-]{section.22}{\376\377\000T\000h\000e\000\040\000C\000l\000a\000s\000s\000-\000M\000e\000m\000b\000e\000r\000s\000h\000i\000p\000\040\000E\000x\000i\000t\000\040\000M\000e\000t\000h\000o\000d}{}% 22
\BOOKMARK [1][-]{section.23}{\376\377\000W\000h\000i\000c\000h\000\040\000B\000r\000a\000n\000c\000h\000e\000s\000\040\000S\000t\000i\000l\000l\000\040\000M\000a\000t\000t\000e\000r}{}% 23
\BOOKMARK [1][-]{section.24}{\376\377\000T\000h\000e\000\040\000A\000u\000x\000i\000l\000i\000a\000r\000y\000\040\000E\000s\000t\000i\000m\000a\000t\000e\000\040\000B\000o\000u\000n\000d\000a\000r\000y}{}% 24
\BOOKMARK [1][-]{section.25}{\376\377\000O\000t\000h\000e\000r\000-\000P\000D\000E\000\040\000L\000a\000w\000\040\000D\000e\000s\000t\000i\000n\000a\000t\000i\000o\000n\000s}{}% 25
\BOOKMARK [1][-]{section.26}{\376\377\000T\000h\000e\000\040\000W\000h\000o\000l\000e\000-\000S\000p\000a\000c\000e\000\040\000R\0003\000\040\000E\000x\000t\000e\000r\000i\000o\000r\000-\000S\000o\000u\000r\000c\000e\000\040\000B\000r\000a\000n\000c\000h}{}% 26
\BOOKMARK [1][-]{section.27}{\376\377\000B\000r\000a\000n\000c\000h\000\040\000C\000o\000v\000e\000r\000a\000g\000e\000\040\000i\000n\000\040\000t\000h\000e\000\040\000M\000a\000i\000n\000\040\000P\000r\000o\000o\000f}{}% 27
\BOOKMARK [1][-]{section.28}{\376\377\000C\000l\000o\000s\000i\000n\000g\000\040\000H\000i\000n\000g\000e\000s}{}% 28
\BOOKMARK [1][-]{section.29}{\376\377\000T\000h\000e\000\040\000S\000a\000m\000e\000-\000S\000o\000l\000u\000t\000i\000o\000n\000\040\000C\000M\000\040\000P\000r\000o\000o\000f}{}% 29
\BOOKMARK [1][-]{section.30}{\376\377\000H\000o\000w\000\040\000A\000u\000x\000i\000l\000i\000a\000r\000y\000\040\000E\000s\000t\000i\000m\000a\000t\000e\000s\000\040\000E\000n\000t\000e\000r}{}% 30
\BOOKMARK [1][-]{appendix.A}{\376\377\000H\000o\000w\000\040\000t\000o\000\040\000R\000e\000a\000d\000\040\000t\000h\000e\000\040\000A\000p\000p\000e\000n\000d\000i\000c\000e\000s}{}% 31
\BOOKMARK [1][-]{appendix.B}{\376\377\000B\000r\000a\000n\000c\000h\000-\000t\000o\000-\000F\000a\000c\000e\000\040\000D\000e\000r\000i\000v\000a\000t\000i\000o\000n\000\040\000P\000a\000t\000t\000e\000r\000n\000s}{}% 32
\BOOKMARK [1][-]{appendix.C}{\376\377\000E\000u\000l\000e\000r\000\040\000a\000n\000d\000\040\000O\000t\000h\000e\000r\000\040\000P\000D\000E\000s\000\040\000a\000s\000\040\000D\000e\000p\000a\000r\000t\000u\000r\000e\000\040\000R\000e\000a\000d\000i\000n\000g\000s}{}% 33
\BOOKMARK [1][-]{appendix.D}{\376\377\000D\000i\000r\000e\000c\000t\000\040\000R\000o\000u\000t\000e\000s\000\040\000T\000h\000a\000t\000\040\000D\000i\000d\000\040\000N\000o\000t\000\040\000C\000l\000o\000s\000e}{}% 34
\BOOKMARK [1][-]{appendix.E}{\376\377\000S\000o\000u\000r\000c\000e\000-\000F\000i\000e\000l\000d\000\040\000R\000e\000a\000d\000e\000r\000\040\000A\000p\000p\000e\000n\000d\000i\000x}{}% 35
