This is pdfTeX, Version 3.141592653-2.6-1.40.28 (TeX Live 2025) (preloaded format=pdflatex)
 restricted \write18 enabled.
entering extended mode
(./papers/navier-stokes/manuscript/generated/main.tex
LaTeX2e <2025-11-01>
L3 programming layer <2025-10-24>

(/usr/local/texlive/2025/texmf-dist/tex/latex/latex-lab/documentmetadata-suppor
t.ltx
(/usr/local/texlive/2025/texmf-dist/tex/latex/pdfmanagement-testphase/pdfmanage
ment-testphase.sty
(/usr/local/texlive/2025/texmf-dist/tex/latex/tagpdf/tagpdf-base.sty)
(/usr/local/texlive/2025/texmf-dist/tex/latex/pdfmanagement-testphase/pdfmanage
ment.ltx)))
(/usr/local/texlive/2025/texmf-dist/tex/latex/l3backend/l3backend-pdftex.def)
(/usr/local/texlive/2025/texmf-dist/tex/latex/pdfmanagement-testphase/l3backend
-testphase-pdftex.def)
(/usr/local/texlive/2025/texmf-dist/tex/latex/latex-lab/latex-lab-testphase-lat
est.sty (/usr/local/texlive/2025/texmf-dist/tex/latex/tagpdf/tagpdf.sty
(/usr/local/texlive/2025/texmf-dist/tex/latex/tagpdf/tagpdf-mc-code-generic.sty
))
(/usr/local/texlive/2025/texmf-dist/tex/latex/latex-lab/latex-lab-testphase-nam
es.sty)
(/usr/local/texlive/2025/texmf-dist/tex/latex/latex-lab/latex-lab-testphase-new
-or-2.sty
(/usr/local/texlive/2025/texmf-dist/tex/latex/latex-lab/latex-lab-footnotes.ltx
))
(/usr/local/texlive/2025/texmf-dist/tex/latex/latex-lab/latex-lab-testphase-blo
ck.sty
(/usr/local/texlive/2025/texmf-dist/tex/latex/latex-lab/latex-lab-kernel-change
s.sty
(/usr/local/texlive/2025/texmf-dist/tex/latex/latex-lab/glyphtounicode-cmex.tex
))
(/usr/local/texlive/2025/texmf-dist/tex/latex/latex-lab/latex-lab-testphase-con
text.sty))
(/usr/local/texlive/2025/texmf-dist/tex/latex/latex-lab/latex-lab-testphase-sec
.sty)
(/usr/local/texlive/2025/texmf-dist/tex/latex/latex-lab/latex-lab-testphase-toc
.sty)
(/usr/local/texlive/2025/texmf-dist/tex/latex/latex-lab/latex-lab-testphase-min
ipage.sty
(/usr/local/texlive/2025/texmf-dist/tex/latex/latex-lab/latex-lab-testphase-new
-or-1.sty))
(/usr/local/texlive/2025/texmf-dist/tex/latex/latex-lab/latex-lab-testphase-gra
phic.sty)
(/usr/local/texlive/2025/texmf-dist/tex/latex/latex-lab/latex-lab-testphase-flo
at.sty)
(/usr/local/texlive/2025/texmf-dist/tex/latex/latex-lab/latex-lab-testphase-bib
.sty)
(/usr/local/texlive/2025/texmf-dist/tex/latex/latex-lab/latex-lab-testphase-tex
t.sty)
(/usr/local/texlive/2025/texmf-dist/tex/latex/latex-lab/latex-lab-testphase-mar
ginpar.sty)
(/usr/local/texlive/2025/texmf-dist/tex/latex/latex-lab/latex-lab-testphase-tit
le.sty)
(/usr/local/texlive/2025/texmf-dist/tex/latex/latex-lab/latex-lab-testphase-tab
le.sty (/usr/local/texlive/2025/texmf-dist/tex/latex/tools/array.sty))
(/usr/local/texlive/2025/texmf-dist/tex/latex/latex-lab/latex-lab-testphase-mat
h.sty
(/usr/local/texlive/2025/texmf-dist/tex/latex/latex-lab/latex-lab-math.ltx)
(/usr/local/texlive/2025/texmf-dist/tex/latex/latex-lab/latex-lab-mathpkg.ltx)
(/usr/local/texlive/2025/texmf-dist/tex/latex/latex-lab/latex-lab-mathintent.lt
x))
(/usr/local/texlive/2025/texmf-dist/tex/latex/latex-lab/latex-lab-testphase-fir
staid.sty)
(/usr/local/texlive/2025/texmf-dist/tex/latex/latex-lab/latex-lab-testphase-tik
z.sty))
(/usr/local/texlive/2025/texmf-dist/tex/latex/pdfmanagement-testphase/pdfmanage
ment-firstaid.sty)
(/usr/local/texlive/2025/texmf-dist/tex/latex/base/article.cls
Document Class: article 2025/01/22 v1.4n Standard LaTeX document class
(/usr/local/texlive/2025/texmf-dist/tex/latex/base/size11.clo))
(/usr/local/texlive/2025/texmf-dist/tex/latex/base/fontenc.sty)
(/usr/local/texlive/2025/texmf-dist/tex/latex/base/inputenc.sty)
(/usr/local/texlive/2025/texmf-dist/tex/latex/geometry/geometry.sty
(/usr/local/texlive/2025/texmf-dist/tex/latex/graphics/keyval.sty)
(/usr/local/texlive/2025/texmf-dist/tex/generic/iftex/ifvtex.sty
(/usr/local/texlive/2025/texmf-dist/tex/generic/iftex/iftex.sty)))
(/usr/local/texlive/2025/texmf-dist/tex/latex/amsmath/amsmath.sty
For additional information on amsmath, use the `?' option.
(/usr/local/texlive/2025/texmf-dist/tex/latex/amsmath/amstext.sty
(/usr/local/texlive/2025/texmf-dist/tex/latex/amsmath/amsgen.sty))
(/usr/local/texlive/2025/texmf-dist/tex/latex/amsmath/amsbsy.sty)
(/usr/local/texlive/2025/texmf-dist/tex/latex/amsmath/amsopn.sty))
(/usr/local/texlive/2025/texmf-dist/tex/latex/latex-lab/latex-lab-amsmath.ltx)
(/usr/local/texlive/2025/texmf-dist/tex/latex/amsfonts/amssymb.sty
(/usr/local/texlive/2025/texmf-dist/tex/latex/amsfonts/amsfonts.sty))
(/usr/local/texlive/2025/texmf-dist/tex/latex/amscls/amsthm.sty)
(/usr/local/texlive/2025/texmf-dist/tex/latex/mathtools/mathtools.sty
(/usr/local/texlive/2025/texmf-dist/tex/latex/tools/calc.sty)
(/usr/local/texlive/2025/texmf-dist/tex/latex/mathtools/mhsetup.sty))
(/usr/local/texlive/2025/texmf-dist/tex/latex/latex-lab/latex-lab-mathtools.ltx
) (/usr/local/texlive/2025/texmf-dist/tex/latex/jknapltx/mathrsfs.sty)
(/usr/local/texlive/2025/texmf-dist/tex/latex/microtype/microtype.sty
(/usr/local/texlive/2025/texmf-dist/tex/latex/etoolbox/etoolbox.sty)
(/usr/local/texlive/2025/texmf-dist/tex/latex/microtype/microtype-pdftex.def)
(/usr/local/texlive/2025/texmf-dist/tex/latex/microtype/microtype.cfg))
(/usr/local/texlive/2025/texmf-dist/tex/latex/needspace/needspace.sty)
(/usr/local/texlive/2025/texmf-dist/tex/latex/hyperref/hyperref.sty
(/usr/local/texlive/2025/texmf-dist/tex/latex/kvsetkeys/kvsetkeys.sty)
(/usr/local/texlive/2025/texmf-dist/tex/generic/kvdefinekeys/kvdefinekeys.sty)
(/usr/local/texlive/2025/texmf-dist/tex/generic/pdfescape/pdfescape.sty
(/usr/local/texlive/2025/texmf-dist/tex/generic/ltxcmds/ltxcmds.sty)
(/usr/local/texlive/2025/texmf-dist/tex/generic/pdftexcmds/pdftexcmds.sty
(/usr/local/texlive/2025/texmf-dist/tex/generic/infwarerr/infwarerr.sty)))
(/usr/local/texlive/2025/texmf-dist/tex/latex/hycolor/hycolor.sty)
(/usr/local/texlive/2025/texmf-dist/tex/latex/hyperref/nameref.sty
(/usr/local/texlive/2025/texmf-dist/tex/latex/refcount/refcount.sty)
(/usr/local/texlive/2025/texmf-dist/tex/generic/gettitlestring/gettitlestring.s
ty (/usr/local/texlive/2025/texmf-dist/tex/latex/kvoptions/kvoptions.sty)))
(/usr/local/texlive/2025/texmf-dist/tex/generic/stringenc/stringenc.sty)
(/usr/local/texlive/2025/texmf-dist/tex/latex/hyperref/pd1enc.def)
(/usr/local/texlive/2025/texmf-dist/tex/generic/intcalc/intcalc.sty)
(/usr/local/texlive/2025/texmf-dist/tex/latex/hyperref/puenc.def)
(/usr/local/texlive/2025/texmf-dist/tex/latex/url/url.sty)
(/usr/local/texlive/2025/texmf-dist/tex/generic/bitset/bitset.sty
(/usr/local/texlive/2025/texmf-dist/tex/generic/bigintcalc/bigintcalc.sty)))
(/usr/local/texlive/2025/texmf-dist/tex/latex/pdfmanagement-testphase/hgeneric-
testphase.def
(/usr/local/texlive/2025/texmf-dist/tex/latex/pdfmanagement-testphase/hyperref-
colorschemes.def))
(/usr/local/texlive/2025/texmf-dist/tex/latex/bookmark/bookmark.sty
(/usr/local/texlive/2025/texmf-dist/tex/latex/bookmark/bkm-pdftex.def))
(tmp/pdfs/how-proof-final.H4hfCL/main.aux)
Info: mathml file main-mathml does not exist
Info: reading mathml file main-luamml-mathml
(papers/navier-stokes/manuscript/generated/main-luamml-mathml.html)
Info: Activating mathml support
*geometry* driver: auto-detecting
*geometry* detected driver: pdftex
(/usr/local/texlive/2025/texmf-dist/tex/latex/graphics/graphicx.sty
(/usr/local/texlive/2025/texmf-dist/tex/latex/graphics/graphics.sty
(/usr/local/texlive/2025/texmf-dist/tex/latex/graphics/trig.sty)
(/usr/local/texlive/2025/texmf-dist/tex/latex/graphics-cfg/graphics.cfg)
(/usr/local/texlive/2025/texmf-dist/tex/latex/graphics-def/pdftex.def
(/usr/local/texlive/2025/texmf-dist/tex/context/base/mkii/supp-pdf.mkii
[Loading MPS to PDF converter (version 2006.09.02).]
)))
(/usr/local/texlive/2025/texmf-dist/tex/latex/epstopdf-pkg/epstopdf-base.sty
(/usr/local/texlive/2025/texmf-dist/tex/latex/latexconfig/epstopdf-sys.cfg)))
(/usr/local/texlive/2025/texmf-dist/tex/latex/microtype/mt-cmr.cfg)
(/usr/local/texlive/2025/texmf-dist/tex/latex/amsfonts/umsa.fd)
(/usr/local/texlive/2025/texmf-dist/tex/latex/microtype/mt-msa.cfg)
(/usr/local/texlive/2025/texmf-dist/tex/latex/amsfonts/umsb.fd)
(/usr/local/texlive/2025/texmf-dist/tex/latex/microtype/mt-msb.cfg)
(/usr/local/texlive/2025/texmf-dist/tex/latex/jknapltx/ursfs.fd) [1{/usr/local/
texlive/2025/texmf-var/fonts/map/pdftex/updmap/pdftex.map}{/usr/local/texlive/2
025/texmf-dist/fonts/enc/dvips/cm-super/cm-super-t1.enc}] [2]
(papers/navier-stokes/manuscript/generated/00-how-proof-works.tex
(/usr/local/texlive/2025/texmf-dist/tex/latex/amsfonts/ueuf.fd)
(/usr/local/texlive/2025/texmf-dist/tex/latex/microtype/mt-euf.cfg) [3])
[4] (tmp/pdfs/how-proof-final.H4hfCL/main.toc) [5]
(papers/navier-stokes/manuscript/generated/00-introduction.tex [6] [7])
(papers/navier-stokes/manuscript/generated/00-analytic-framework.tex [8]
[9] [10] [11] [12] [13] [14] [15] [16] [17] [18])
(papers/navier-stokes/manuscript/generated/01-setting-mixed-jet.tex [19]
[20] [21] [22])
(papers/navier-stokes/manuscript/generated/02-compatible-rectangles.tex
[23] [24] [25] [26])
(papers/navier-stokes/manuscript/generated/04-intersection-endpoint-restart.tex
[27] [28] [29] [30] [31] [32] [33])
(papers/navier-stokes/manuscript/generated/03-matrix-forms.tex [34] [35]
[36])
(papers/navier-stokes/manuscript/generated/03-quantitative-consequences.tex
[37] [38] [39] [40] [41] [42] [43] [44] [45] [46] [47] [48] [49] [50] [51])
(papers/navier-stokes/manuscript/generated/05-three-dimensional-applications.te
x [52] [53] [54] [55] [56] [57] [58] [59] [60] [61] [62] [63] [64])
(papers/navier-stokes/manuscript/generated/06-conclusion.tex) [65] [66]
[67] [68] [69] [70]<<latex-list-css.html>><<latex-align-css.html>>
(tmp/pdfs/how-proof-final.H4hfCL/main.aux)
MathML statistic
================
==> 1807 MathML fragments read
==> 1299 different MathML fragments
==> 1807 math fragments found
==> 1807 fitting MathML AF found
==> 1807 MathML AF attached

Package tagpdf Info: Finalizing the tagging structure:
(tagpdf)             Writing out ~4358 structure objects
(tagpdf)             with ~6427 'MC' leaf nodes.
(tagpdf)             Be patient if there are lots of objects!

Package tagpdf Info: writing ParentTree
Package tagpdf Info: writing IDTree
Package tagpdf Info: writing RoleMap
Package tagpdf Info: writing ClassMap
Package tagpdf Info: writing NameSpaces
Package tagpdf Info: writing StructElems
Package tagpdf Info: writing Root
 )</usr/local/texlive/2025/texmf-dist/fonts/type1/public/amsfonts/cm/cmbx10.pfb
></usr/local/texlive/2025/texmf-dist/fonts/type1/public/amsfonts/cm/cmex10.pfb>
</usr/local/texlive/2025/texmf-dist/fonts/type1/public/amsfonts/cm/cmmi10.pfb><
/usr/local/texlive/2025/texmf-dist/fonts/type1/public/amsfonts/cm/cmmi12.pfb></
usr/local/texlive/2025/texmf-dist/fonts/type1/public/amsfonts/cm/cmmi5.pfb></us
r/local/texlive/2025/texmf-dist/fonts/type1/public/amsfonts/cm/cmmi6.pfb></usr/
local/texlive/2025/texmf-dist/fonts/type1/public/amsfonts/cm/cmmi7.pfb></usr/lo
cal/texlive/2025/texmf-dist/fonts/type1/public/amsfonts/cm/cmmi8.pfb></usr/loca
l/texlive/2025/texmf-dist/fonts/type1/public/amsfonts/cm/cmr10.pfb></usr/local/
texlive/2025/texmf-dist/fonts/type1/public/amsfonts/cm/cmr5.pfb></usr/local/tex
live/2025/texmf-dist/fonts/type1/public/amsfonts/cm/cmr6.pfb></usr/local/texliv
e/2025/texmf-dist/fonts/type1/public/amsfonts/cm/cmr7.pfb></usr/local/texlive/2
025/texmf-dist/fonts/type1/public/amsfonts/cm/cmr8.pfb></usr/local/texlive/2025
/texmf-dist/fonts/type1/public/amsfonts/cm/cmss10.pfb></usr/local/texlive/2025/
texmf-dist/fonts/type1/public/amsfonts/cm/cmsy10.pfb></usr/local/texlive/2025/t
exmf-dist/fonts/type1/public/amsfonts/cm/cmsy5.pfb></usr/local/texlive/2025/tex
mf-dist/fonts/type1/public/amsfonts/cm/cmsy6.pfb></usr/local/texlive/2025/texmf
-dist/fonts/type1/public/amsfonts/cm/cmsy7.pfb></usr/local/texlive/2025/texmf-d
ist/fonts/type1/public/amsfonts/cm/cmsy8.pfb></usr/local/texlive/2025/texmf-dis
t/fonts/type1/public/amsfonts/euler/eufm10.pfb></usr/local/texlive/2025/texmf-d
ist/fonts/type1/public/amsfonts/symbols/msam10.pfb></usr/local/texlive/2025/tex
mf-dist/fonts/type1/public/amsfonts/symbols/msbm10.pfb></usr/local/texlive/2025
/texmf-dist/fonts/type1/public/pdftex/pdftexspace.pfb></usr/local/texlive/2025/
texmf-dist/fonts/type1/public/rsfs/rsfs10.pfb></usr/local/texlive/2025/texmf-di
st/fonts/type1/public/cm-super/sfbx1000.pfb></usr/local/texlive/2025/texmf-dist
/fonts/type1/public/cm-super/sfbx1095.pfb></usr/local/texlive/2025/texmf-dist/f
onts/type1/public/cm-super/sfbx1200.pfb></usr/local/texlive/2025/texmf-dist/fon
ts/type1/public/cm-super/sfbx1440.pfb></usr/local/texlive/2025/texmf-dist/fonts
/type1/public/cm-super/sfrm1000.pfb></usr/local/texlive/2025/texmf-dist/fonts/t
ype1/public/cm-super/sfrm1095.pfb></usr/local/texlive/2025/texmf-dist/fonts/typ
e1/public/cm-super/sfrm1200.pfb></usr/local/texlive/2025/texmf-dist/fonts/type1
/public/cm-super/sfrm1728.pfb></usr/local/texlive/2025/texmf-dist/fonts/type1/p
ublic/cm-super/sfti1000.pfb></usr/local/texlive/2025/texmf-dist/fonts/type1/pub
lic/cm-super/sfti1095.pfb>
Output written on tmp/pdfs/how-proof-final.H4hfCL/main.pdf (70 pages, 2187257 b
ytes).
Transcript written on tmp/pdfs/how-proof-final.H4hfCL/main.log.
